starting streaming processing of bags/for_hackathon/doubleT_platform...
  warmup done
  [100 frames] raw=13 conf=5 fps=18.3 tracks=39
  [200 frames] raw=4 conf=1 fps=36.5 tracks=72
  [300 frames] raw=3 conf=3 fps=54.8 tracks=78

processing done: 345 frames in 5.5s (62.9 fps)
raw candidates: 3265
rejects: {'above_wide': 1227, 'above_too_high': 2763, 'shape': 729, 'few_points': 4342, 'inside_wide': 1762, 'too_big': 860, 'outside_far': 2954, 'too_small': 849, 'outside_wall': 565, 'plaus_too_flat': 655, 'above_thin': 226, 'plaus_too_thin': 511, 'plaus_floor_noise': 21, 'inside_tall': 112, 'plaus_lateral_wall': 228, 'plaus_ghost_far': 3, 'plaus_ceiling': 252, 'plaus_hanging_cable': 39, 'near_wide': 41, 'plaus_horizontal_slab': 7}

========================================================================
  TRACK FILTERING
========================================================================
  Before filter: 78 tracks
  Path: {'STRAIGHT': 345}
  Median filter_scale: 1.00
  After confidence>=0.05: 65 (was 78)
  After hits-filter (scale=1.00): 24
  After thin-rail reject: 24
  After size>=0.15m: 24
  After clustering: 20 unique objects
  After zone cap: 20 (was 20)
  DANGEROUS total: 10  by distance: {'0-50': 1, '50-100': 4, '100-150': 5, '150-200': 0, '200-500': 0}
  WATCHLIST total: 10  by distance: {'0-50': 5, '50-100': 3, '100-150': 1, '150-200': 1, '200-500': 0}
  DANGEROUS selected: 10 (was 10)
  WATCHLIST selected: 6 (was 10)

========================================================================
  TOP-15 OBJECTS
========================================================================
  # 1  dist=  28.0ì  score=     150  hits=  57  group= 1  zone=OUTSIDE   gauge=partial_side     size=( 0.18, 0.98, 0.24)  npts=13
  # 2  dist=  63.6ì  score=     150  hits=  52  group= 1  zone=ABOVE     gauge=partial_top      size=( 0.06, 1.55, 1.11)  npts=17
  # 3  dist=  87.3ì  score=     119  hits=  44  group= 1  zone=NEAR      gauge=partial_bottom   size=( 1.05, 0.31, 3.28)  npts=14
  # 4  dist= 118.0ì  score=     207  hits=  45  group= 2  zone=INSIDE    gauge=rail_contact     size=( 0.97, 0.22, 2.81)  npts=9
  # 5  dist= 108.2ì  score=      69  hits=  20  group= 1  zone=ABOVE     gauge=partial_top      size=( 0.39, 1.85, 2.34)  npts=30
  # 6  dist= 106.2ì  score=      53  hits=  18  group= 1  zone=INSIDE    gauge=rail_contact     size=( 3.23, 1.65, 2.58)  npts=18
  # 7  dist= 149.5ì  score=      26  hits=  19  group= 1  zone=INSIDE    gauge=rail_contact     size=( 1.03, 0.24, 2.27)  npts=3
  # 8  dist=  72.8ì  score=      86  hits=  39  group= 1  zone=NEAR      gauge=rail_contact     size=( 2.03, 0.10, 1.25)  npts=8
  # 9  dist= 101.3ì  score=      62  hits=  24  group= 1  zone=OUTSIDE   gauge=partial_bottom   size=( 1.17, 0.75, 2.65)  npts=12
  #10  dist=  61.9ì  score=     144  hits=  52  group= 1  zone=NEAR      gauge=partial_side     size=( 0.13, 0.20, 3.96)  npts=15

========================================================================
  WATCHLIST (outside gauge, lower priority)
========================================================================
  # 1  dist=  26.5ì  conf=0.724  zone=ABOVE     size=( 0.49, 0.14, 1.16)  npts=10
  # 2  dist=  14.2ì  conf=0.672  zone=ABOVE     size=( 0.99, 0.38, 0.31)  npts=9
  # 3  dist=  82.4ì  conf=0.252  zone=INSIDE    size=( 2.50, 4.03, 2.33)  npts=41
  # 4  dist=  69.9ì  conf=0.234  zone=OUTSIDE   size=( 0.14, 0.25, 0.63)  npts=5
  # 5  dist= 119.2ì  conf=0.351  zone=ABOVE     size=( 0.13, 1.13, 0.53)  npts=18
  # 6  dist= 152.7ì  conf=0.123  zone=ABOVE     size=( 0.07, 1.18, 1.04)  npts=17

  Total unique: 10
  Strong (hits>300): 0
  By zone: {'OUTSIDE': 2, 'ABOVE': 2, 'NEAR': 3, 'INSIDE': 3}
  Max dist: 149.5 ì
  Processing: 5.5s (62.9 fps)
