starting streaming processing of bags/disk_copy/cloud_with_fake_obj...
  warmup done
  [100 frames] raw=7 conf=6 fps=5.1 tracks=26
  [200 frames] raw=5 conf=4 fps=10.1 tracks=48
  [300 frames] raw=5 conf=3 fps=15.2 tracks=57
  [400 frames] raw=19 conf=9 fps=20.2 tracks=75
  [500 frames] raw=17 conf=11 fps=25.3 tracks=104
  [600 frames] raw=16 conf=12 fps=30.3 tracks=137
  [700 frames] raw=15 conf=14 fps=35.3 tracks=172
  [800 frames] raw=12 conf=5 fps=40.3 tracks=198
  [900 frames] raw=2 conf=1 fps=45.4 tracks=212
  [1000 frames] raw=5 conf=3 fps=50.4 tracks=215
  [1100 frames] raw=3 conf=2 fps=55.4 tracks=218
  [1200 frames] raw=22 conf=18 fps=60.5 tracks=257
  [1300 frames] raw=13 conf=5 fps=65.5 tracks=284
  [1400 frames] raw=15 conf=9 fps=70.5 tracks=318
  [1500 frames] raw=13 conf=11 fps=75.5 tracks=356

processing done: 1510 frames in 19.9s (76.0 fps)
raw candidates: 17690
rejects: {'too_big': 3004, 'outside_far': 12068, 'few_points': 14104, 'shape': 2119, 'too_small': 2362, 'inside_wide': 4667, 'plaus_lateral_wall': 2566, 'plaus_too_flat': 810, 'plaus_too_thin': 3710, 'rail_wide': 319, 'near_wide': 903, 'plaus_horizontal_slab': 459, 'plaus_floor_noise': 141, 'plaus_hanging_cable': 9, 'outside_wall': 283, 'above_thin': 154, 'plaus_ghost_far': 36, 'above_too_high': 70, 'plaus_ceiling': 7, 'above_wide': 15, 'inside_tall': 30}

========================================================================
  ФИЛЬТРАЦИЯ ТРЕКОВ
========================================================================
  До фильтрации: 358 треков
  Пути: {'STRAIGHT': 1226, 'GENTLE_TURN': 278, 'SHARP_TURN': 6}
  Медианный filter_scale: 1.00
  После confidence>=0.05: 315 (было 358)
  После hits-фильтра (scale=1.00): 188
  После отсева тонких рельс: 185
  После размера>=0.15м: 185
  После кластеризации: 51 уникальных объектов
  После zone cap: 51 (было 51)
  Force-included FAR watch at 153.6m
  DANGEROUS всего: 28  по дистанциям: {'0-50': 8, '50-100': 9, '100-150': 7, '150-200': 4, '200-500': 0}
  WATCHLIST всего: 23  по дистанциям: {'0-50': 8, '50-100': 6, '100-150': 6, '150-200': 3, '200-500': 0}
  DANGEROUS selected: 12 (было 28)
  WATCHLIST selected: 6 (было 23)

========================================================================
  TOP-15 ОБЪЕКТОВ
========================================================================
  # 1  dist=  25.6м  score=     176  hits=  62  group= 1  zone=INSIDE    gauge=full             size=( 1.31, 1.79, 0.36)  npts=16
  # 2  dist=  30.7м  score=   14483  hits= 852  group= 6  zone=NEAR      gauge=rail_contact     size=( 0.59, 0.10, 1.28)  npts=16
  # 3  dist=  76.7м  score=    7788  hits= 406  group= 8  zone=INSIDE    gauge=partial_side     size=( 1.34, 2.24, 0.88)  npts=10
  # 4  dist=  72.0м  score=    4332  hits= 371  group= 6  zone=INSIDE    gauge=partial_side     size=( 0.23, 0.64, 0.46)  npts=6
  # 5  dist= 109.1м  score=    1917  hits= 197  group= 5  zone=INSIDE    gauge=partial_side     size=( 0.99, 1.21, 0.46)  npts=6
  # 6  dist= 111.3м  score=    3239  hits= 162  group= 6  zone=INSIDE    gauge=partial_side     size=( 3.06, 3.03, 0.74)  npts=27
  # 7  dist= 188.2м  score=      47  hits=  26  group= 1  zone=INSIDE    gauge=full             size=( 0.14, 0.41, 0.88)  npts=5
  # 8  dist= 167.0м  score=     372  hits=  77  group= 3  zone=INSIDE    gauge=partial_bottom   size=( 3.16, 3.21, 0.47)  npts=4
  # 9  dist=  98.4м  score=     842  hits= 113  group= 3  zone=INSIDE    gauge=rail_contact     size=( 2.10, 0.53, 2.33)  npts=11
  #10  dist=  22.2м  score=    1527  hits= 188  group= 3  zone=NEAR      gauge=partial_side     size=( 0.99, 1.16, 0.28)  npts=14
  #11  dist=  36.0м  score=    1302  hits= 181  group= 3  zone=NEAR      gauge=partial_side     size=( 0.50, 1.12, 0.31)  npts=10
  #12  dist=  75.5м  score=    9844  hits= 475  group= 9  zone=NEAR      gauge=partial_bottom   size=( 2.69, 1.17, 1.63)  npts=9

========================================================================
  WATCHLIST (вне габарита, менее критичные)
========================================================================
  # 1  dist=  23.1м  conf=0.900  zone=RAIL      size=( 1.32, 0.09, 0.41)  npts=9
  # 2  dist=  11.4м  conf=0.793  zone=RAIL      size=( 1.53, 0.76, 0.54)  npts=42
  # 3  dist=  86.4м  conf=0.581  zone=RAIL      size=( 0.15, 0.25, 0.73)  npts=4
  # 4  dist=  81.1м  conf=0.350  zone=OUTSIDE   size=( 1.20, 0.51, 1.61)  npts=15
  # 5  dist= 117.5м  conf=0.351  zone=RAIL      size=( 1.10, 0.63, 0.75)  npts=7
  # 6  dist= 153.6м  conf=0.272  zone=RAIL      size=( 0.06, 0.27, 0.23)  npts=3

  Всего уникальных: 12
  Сильных (hits>300): 4
  По зонам: {'INSIDE': 8, 'NEAR': 4}
  Max dist: 188.2 м
  Обработка: 19.9s (76.0 fps)
