starting streaming processing of /tmp/for_hackathon/for_hackathon/roundT_squareT_pressureGate_squareT...
processing (workers=4, streaming)...
[0m[INFO] [1790291748.843989846] [rosbag2_storage]: Opened database '/tmp/for_hackathon/for_hackathon/roundT_squareT_pressureGate_squareT/roundT_squareT_pressureGate_squareT_0.db3' for READ_ONLY.[0m
  [50 frames] raw=26 conf=17 fps=5.7 tracks=34
  [100 frames] raw=27 conf=20 fps=6.5 tracks=52
  [150 frames] raw=34 conf=28 fps=7.5 tracks=83
  [200 frames] raw=20 conf=19 fps=7.6 tracks=100
  [250 frames] raw=23 conf=17 fps=8.1 tracks=108
  [300 frames] raw=13 conf=8 fps=8.0 tracks=126
  [350 frames] raw=6 conf=4 fps=8.4 tracks=137
  [400 frames] raw=9 conf=3 fps=8.2 tracks=143
  [450 frames] raw=9 conf=7 fps=8.1 tracks=151
  [500 frames] raw=8 conf=8 fps=8.1 tracks=153

processing done: 545 frames in 65.2s (8.4 fps)
raw candidates: 9329
rejects: {'too_big': 1107, 'outside_far': 3407, 'few_points': 4261, 'too_small': 1144, 'near_wide': 314, 'shape': 782, 'inside_wide': 1582, 'outside_wall': 167, 'above_wide': 96, 'above_thin': 116, 'above_too_high': 201, 'inside_tall': 20, 'rail_wide': 211}

========================================================================
  ФИЛЬТРАЦИЯ ТРЕКОВ
========================================================================
  До фильтрации: 156 треков
  После hits-фильтра: 103
  После отсева тонких рельс: 102
  После размера>=0.15м: 102
  После кластеризации по позиции: 49 уникальных объектов

========================================================================
  TOP-15 ОБЪЕКТОВ (по score = hits × log(npts) × group)
========================================================================
  # 1  dist=  47.6м  score=   12529  hits= 514  group= 5  zone=OUTSIDE   size=( 4.80, 1.17, 2.37)  npts=130
  # 2  dist=  24.8м  score=   11806  hits= 573  group= 6  zone=INSIDE    size=( 0.65, 2.66, 0.06)  npts=30
  # 3  dist=  33.4м  score=    9501  hits= 445  group= 4  zone=OUTSIDE   size=( 7.57, 0.29, 2.50)  npts=207
  # 4  dist=  89.8м  score=    7045  hits= 567  group= 5  zone=NEAR      size=( 1.34, 0.24, 1.40)  npts=11
  # 5  dist=  81.1м  score=    5563  hits= 413  group= 4  zone=OUTSIDE   size=( 1.12, 0.49, 1.76)  npts=28
  # 6  dist=  80.3м  score=    2996  hits= 418  group= 4  zone=OUTSIDE   size=( 0.04, 0.98, 0.00)  npts=5
  # 7  dist=  85.0м  score=    2487  hits= 270  group= 4  zone=OUTSIDE   size=( 0.47, 0.50, 2.11)  npts=9
  # 8  dist= 104.5м  score=    2277  hits= 219  group= 3  zone=INSIDE    size=( 2.25, 2.61, 2.50)  npts=31
  # 9  dist=  40.1м  score=    2081  hits= 241  group= 2  zone=OUTSIDE   size=( 1.01, 0.57, 2.00)  npts=74
  #10  dist=  27.4м  score=    1283  hits= 222  group= 2  zone=INSIDE    size=( 0.50, 1.55, 0.06)  npts=17
  #11  dist=  93.8м  score=    1249  hits= 214  group= 3  zone=OUTSIDE   size=( 1.67, 0.50, 0.99)  npts=6
  #12  dist=  96.8м  score=    1242  hits= 231  group= 3  zone=OUTSIDE   size=( 0.05, 1.01, 0.00)  npts=5
  #13  dist= 164.5м  score=    1235  hits= 109  group= 4  zone=INSIDE    size=( 1.68, 3.46, 0.02)  npts=16
  #14  dist=  68.9м  score=    1216  hits= 169  group= 3  zone=INSIDE    size=( 0.05, 2.17, 0.00)  npts=10
  #15  dist=  66.9м  score=    1128  hits= 155  group= 2  zone=NEAR      size=( 7.41, 0.27, 2.99)  npts=37

========================================================================
  РАСПРЕДЕЛЕНИЕ ПО ДИСТАНЦИИ
========================================================================
    0- 20м:   0 (real: 0) 
   20- 50м:  14 (real: 3) ##############
   50-100м:  15 (real: 3) ###############
  100-150м:  13 (real: 8) #############
  150-230м:   7 (real: 1) #######

  Всего уникальных: 49
  Сильных (hits>300): 6
  По зонам: {'OUTSIDE': 22, 'INSIDE': 16, 'NEAR': 4, 'RAIL': 7}
  Max dist: 193.5 м
  Обработка: 65.2s (8.4 fps)
