starting streaming processing of /tmp/bag...
processing (workers=4, streaming)...
[0m[INFO] [1790285555.303353424] [rosbag2_storage]: Opened database '/tmp/bag/roundT_squareT_pressureGate_squareT_0.db3' for READ_ONLY.[0m
  [50 frames] raw=27 conf=21 fps=5.4 tracks=40
  [100 frames] raw=20 conf=16 fps=6.0 tracks=63
  [150 frames] raw=13 conf=11 fps=6.9 tracks=72
  [200 frames] raw=9 conf=5 fps=7.2 tracks=74
  [250 frames] raw=8 conf=8 fps=7.4 tracks=81

processing done: 272 frames in 36.2s (7.5 fps)
raw candidates: 4629
rejects: {'too_big': 554, 'outside_far': 1704, 'few_points': 2132, 'shape': 372, 'near_wide': 145, 'outside_wall': 88, 'too_small': 555, 'inside_wide': 789, 'above_wide': 43, 'above_thin': 65, 'above_too_high': 107, 'rail_wide': 104, 'inside_tall': 9}

========================================================================
  ФИЛЬТРАЦИЯ ТРЕКОВ
========================================================================
  До фильтрации: 81 треков
  После hits-фильтра: 57
  После отсева тонких рельс: 57
  После размера>=0.15м: 57
  После кластеризации по позиции: 29 уникальных объектов

========================================================================
  TOP-15 ОБЪЕКТОВ (по score = hits × log(npts) × group)
========================================================================
  # 1  dist=  30.1м  score=    5948  hits= 404  group= 5  zone=INSIDE    size=( 0.04, 1.83, 0.52)  npts=18
  # 2  dist= 104.6м  score=    5352  hits= 406  group= 6  zone=OUTSIDE   size=( 1.04, 0.40, 1.83)  npts=8
  # 3  dist=  45.4м  score=    3243  hits= 369  group= 4  zone=NEAR      size=( 0.15, 1.06, 0.40)  npts=8
  # 4  dist=  37.2м  score=    2638  hits= 275  group= 4  zone=NEAR      size=( 0.09, 1.30, 0.01)  npts=10
  # 5  dist=  86.8м  score=    1113  hits= 207  group= 3  zone=NEAR      size=( 0.36, 0.38, 0.58)  npts=5
  # 6  dist=  80.3м  score=    1091  hits= 203  group= 3  zone=OUTSIDE   size=( 0.04, 0.98, 0.00)  npts=5
  # 7  dist=  92.8м  score=     808  hits= 153  group= 2  zone=OUTSIDE   size=( 1.41, 0.56, 2.45)  npts=13
  # 8  dist= 117.4м  score=     755  hits= 110  group= 2  zone=OUTSIDE   size=( 5.13, 0.97, 2.28)  npts=30
  # 9  dist= 102.0м  score=     625  hits=  77  group= 2  zone=INSIDE    size=( 6.06, 4.10, 2.48)  npts=57
  #10  dist=  96.0м  score=     580  hits= 126  group= 2  zone=OUTSIDE   size=( 2.03, 0.25, 2.12)  npts=9
  #11  dist=  71.2м  score=     414  hits=  90  group= 2  zone=RAIL      size=( 3.92, 0.14, 0.77)  npts=9
  #12  dist= 111.9м  score=     380  hits= 118  group= 2  zone=OUTSIDE   size=( 1.12, 0.22, 0.71)  npts=4
  #13  dist=  78.4м  score=     337  hits=  94  group= 2  zone=RAIL      size=( 2.00, 0.27, 0.32)  npts=5
  #14  dist=  66.0м  score=     246  hits=  87  group= 1  zone=NEAR      size=( 3.53, 0.30, 2.53)  npts=16
  #15  dist= 167.0м  score=     239  hits=  48  group= 2  zone=INSIDE    size=( 0.09, 3.21, 0.00)  npts=11

========================================================================
  РАСПРЕДЕЛЕНИЕ ПО ДИСТАНЦИИ
========================================================================
    0- 20м:   0 (real: 0) 
   20- 50м:   7 (real: 2) #######
   50-100м:   9 (real: 0) #########
  100-150м:   9 (real: 5) #########
  150-230м:   4 (real: 0) ####

  Всего уникальных: 29
  Сильных (hits>300): 3
  По зонам: {'INSIDE': 9, 'OUTSIDE': 10, 'NEAR': 7, 'RAIL': 3}
  Max dist: 175.7 м
  Обработка: 36.2s (7.5 fps)
