starting streaming processing of /tmp/bag...
processing (workers=4, streaming)...
[0m[INFO] [1790285436.090289907] [rosbag2_storage]: Opened database '/tmp/bag/roundT_pressureGate_roundT_0.db3' for READ_ONLY.[0m
  [50 frames] raw=5 conf=5 fps=6.2 tracks=23
  [100 frames] raw=8 conf=4 fps=7.2 tracks=24

processing done: 134 frames in 16.1s (8.3 fps)
raw candidates: 1070
rejects: {'above_wide': 11, 'above_too_high': 12, 'too_big': 285, 'inside_wide': 133, 'outside_far': 672, 'too_small': 65, 'few_points': 940, 'shape': 99, 'outside_wall': 14, 'near_wide': 55, 'rail_wide': 3, 'above_thin': 2}

========================================================================
  ФИЛЬТРАЦИЯ ТРЕКОВ
========================================================================
  До фильтрации: 28 треков
  После hits-фильтра: 9
  После отсева тонких рельс: 9
  После размера>=0.15м: 9
  После кластеризации по позиции: 6 уникальных объектов

========================================================================
  TOP-15 ОБЪЕКТОВ (по score = hits × log(npts) × group)
========================================================================
  # 1  dist= 101.7м  score=     466  hits=  56  group= 3  zone=INSIDE    size=( 2.59, 2.69, 1.39)  npts=15
  # 2  dist=  44.4м  score=     143  hits=  65  group= 1  zone=NEAR      size=( 1.21, 1.11, 0.09)  npts=8
  # 3  dist= 109.6м  score=     126  hits=  39  group= 2  zone=OUTSIDE   size=( 1.81, 0.34, 0.54)  npts=4
  # 4  dist=  42.4м  score=     121  hits=  55  group= 1  zone=RAIL      size=( 0.13, 0.15, 0.25)  npts=8
  # 5  dist=  28.9м  score=     100  hits=  56  group= 1  zone=OUTSIDE   size=( 0.29, 0.83, 0.98)  npts=5
  # 6  dist= 115.0м  score=      27  hits=  17  group= 1  zone=RAIL      size=( 0.67, 0.72, 0.74)  npts=4

========================================================================
  РАСПРЕДЕЛЕНИЕ ПО ДИСТАНЦИИ
========================================================================
    0- 20м:   0 (real: 0) 
   20- 50м:   3 (real: 0) ###
   50-100м:   0 (real: 0) 
  100-150м:   3 (real: 0) ###
  150-230м:   0 (real: 0) 

  Всего уникальных: 6
  Сильных (hits>300): 0
  По зонам: {'INSIDE': 1, 'NEAR': 1, 'OUTSIDE': 2, 'RAIL': 2}
  Max dist: 115.0 м
  Обработка: 16.1s (8.3 fps)
