starting streaming processing of /tmp/bag...
processing (workers=4, streaming)...
[0m[INFO] [1790285223.578353521] [rosbag2_storage]: Opened database '/tmp/bag/doubleT_obstacle_0.db3' for READ_ONLY.[0m
  [50 frames] raw=38 conf=35 fps=2.2 tracks=44
  [100 frames] raw=33 conf=30 fps=3.2 tracks=57

processing done: 100 frames in 31.4s (3.2 fps)
raw candidates: 3646
rejects: {'too_big': 105, 'outside_far': 1150, 'too_small': 645, 'few_points': 1055, 'shape': 529, 'inside_wide': 853, 'near_wide': 198, 'rail_wide': 461}

========================================================================
  ФИЛЬТРАЦИЯ ТРЕКОВ
========================================================================
  До фильтрации: 57 треков
  После hits-фильтра: 46
  После отсева тонких рельс: 45
  После размера>=0.15м: 45
  После кластеризации по позиции: 19 уникальных объектов

========================================================================
  TOP-15 ОБЪЕКТОВ (по score = hits × log(npts) × group)
========================================================================
  # 1  dist=  94.2м  score=    5677  hits= 455  group= 6  zone=INSIDE    size=( 0.66, 1.16, 0.00)  npts=7
  # 2  dist=  89.1м  score=    4125  hits= 424  group= 5  zone=INSIDE    size=( 0.12, 0.78, 0.00)  npts=6
  # 3  dist=  98.1м  score=    3065  hits= 315  group= 5  zone=OUTSIDE   size=( 0.05, 0.86, 0.00)  npts=6
  # 4  dist=  85.5м  score=    2962  hits= 337  group= 4  zone=OUTSIDE   size=( 0.18, 1.74, 0.17)  npts=8
  # 5  dist=  30.0м  score=    1305  hits= 198  group= 3  zone=RAIL      size=( 0.18, 0.25, 0.20)  npts=8
  # 6  dist=  83.4м  score=    1080  hits= 201  group= 3  zone=OUTSIDE   size=( 0.79, 0.74, 0.01)  npts=5
  # 7  dist=  49.5м  score=    1072  hits= 198  group= 2  zone=INSIDE    size=( 0.79, 1.02, 0.68)  npts=14
  # 8  dist=  40.0м  score=     781  hits= 148  group= 2  zone=INSIDE    size=( 1.73, 1.72, 0.09)  npts=13
  # 9  dist= 100.0м  score=     445  hits= 107  group= 2  zone=RAIL      size=( 0.11, 1.05, 0.00)  npts=7
  #10  dist=  34.4м  score=     421  hits=  78  group= 1  zone=INSIDE    size=( 1.01, 1.53, 2.38)  npts=220
  #11  dist=  34.3м  score=     395  hits= 100  group= 1  zone=RAIL      size=( 1.58, 0.44, 0.62)  npts=51
  #12  dist=  80.1м  score=     386  hits= 120  group= 2  zone=INSIDE    size=( 0.24, 0.56, 0.00)  npts=4
  #13  dist= 109.0м  score=     373  hits= 104  group= 2  zone=RAIL      size=( 0.03, 0.76, 0.00)  npts=5
  #14  dist= 114.4м  score=     364  hits= 113  group= 2  zone=RAIL      size=( 0.04, 0.80, 0.00)  npts=4
  #15  dist=  44.6м  score=     256  hits= 100  group= 1  zone=INSIDE    size=( 0.28, 0.24, 0.40)  npts=12

========================================================================
  РАСПРЕДЕЛЕНИЕ ПО ДИСТАНЦИИ
========================================================================
    0- 20м:   0 (real: 0) 
   20- 50м:   6 (real: 0) ######
   50-100м:   7 (real: 4) #######
  100-150м:   6 (real: 4) ######
  150-230м:   0 (real: 0) 

  Всего уникальных: 19
  Сильных (hits>300): 4
  По зонам: {'INSIDE': 8, 'OUTSIDE': 4, 'RAIL': 7}
  Max dist: 117.9 м
  Обработка: 31.4s (3.2 fps)
