starting streaming processing of /tmp/bag...
processing (workers=4, streaming)...
[0m[INFO] [1790285373.768140042] [rosbag2_storage]: Opened database '/tmp/bag/roundT_doubleT_0.db3' for READ_ONLY.[0m
  [50 frames] raw=18 conf=6 fps=6.5 tracks=14
  [100 frames] raw=34 conf=4 fps=8.9 tracks=21

processing done: 126 frames in 12.1s (10.4 fps)
raw candidates: 1605
rejects: {'few_points': 1002, 'too_big': 303, 'outside_far': 881, 'inside_wide': 637, 'above_thin': 28, 'outside_wall': 53, 'near_wide': 137, 'shape': 274, 'inside_tall': 7, 'above_too_high': 7, 'too_small': 225, 'above_wide': 1, 'rail_wide': 16}

========================================================================
  ФИЛЬТРАЦИЯ ТРЕКОВ
========================================================================
  До фильтрации: 43 треков
  После hits-фильтра: 12
  После отсева тонких рельс: 12
  После размера>=0.15м: 12
  После кластеризации по позиции: 7 уникальных объектов

========================================================================
  TOP-15 ОБЪЕКТОВ (по score = hits × log(npts) × group)
========================================================================
  # 1  dist= 110.0м  score=     519  hits=  56  group= 3  zone=INSIDE    size=( 0.70, 5.76, 0.01)  npts=21
  # 2  dist= 106.2м  score=     189  hits=  43  group= 2  zone=OUTSIDE   size=( 0.47, 2.23, 0.01)  npts=8
  # 3  dist=  42.7м  score=     146  hits=  61  group= 1  zone=INSIDE    size=( 0.98, 1.34, 0.06)  npts=10
  # 4  dist= 119.8м  score=     122  hits=  38  group= 2  zone=OUTSIDE   size=( 0.07, 1.05, 0.00)  npts=4
  # 5  dist= 103.3м  score=     122  hits=  34  group= 2  zone=OUTSIDE   size=( 0.03, 0.72, 0.00)  npts=5
  # 6  dist= 114.6м  score=      74  hits=  19  group= 1  zone=INSIDE    size=( 2.07, 5.85, 0.51)  npts=47
  # 7  dist= 101.4м  score=      69  hits=  23  group= 1  zone=INSIDE    size=( 0.16, 3.54, 0.00)  npts=19

========================================================================
  РАСПРЕДЕЛЕНИЕ ПО ДИСТАНЦИИ
========================================================================
    0- 20м:   0 (real: 0) 
   20- 50м:   1 (real: 0) #
   50-100м:   0 (real: 0) 
  100-150м:   6 (real: 0) ######
  150-230м:   0 (real: 0) 

  Всего уникальных: 7
  Сильных (hits>300): 0
  По зонам: {'INSIDE': 4, 'OUTSIDE': 3}
  Max dist: 119.8 м
  Обработка: 12.1s (10.4 fps)
